
[home/tomcat/import d008585] Auto-sync: 2026-03-11 23:22:44
 Committer: server21 <tomcat@server21.kratos150.local>
Your name and email address were configured automatically based
on your username and hostname. Please check that they are accurate.
You can suppress this message by setting them explicitly:

    git config --global user.name "Your Name"
    git config --global user.email you@example.com

After doing this, you may fix the identity used for this commit with:

    git commit --amend --reset-author

 1 file changed, 36 deletions(-)
To github.com:juairyGonzalezf/APEX-LAB.git
   f8780eb..d008585  home/tomcat/import -> home/tomcat/import
[home/tomcat/import 0f6ddb2] Auto-sync: 2026-03-12 07:43:54
 1 file changed, 16 insertions(+)
To github.com:juairyGonzalezf/APEX-LAB.git
   d008585..0f6ddb2  home/tomcat/import -> home/tomcat/import
[home/tomcat/import c744b56] Auto-sync: 2026-03-12 08:00:01
 1 file changed, 4 insertions(+)
To github.com:juairyGonzalezf/APEX-LAB.git
   0f6ddb2..c744b56  home/tomcat/import -> home/tomcat/import
[home/tomcat/import 536db9b] Auto-sync: 2026-03-12 12:00:01
 1 file changed, 4 insertions(+)
To github.com:juairyGonzalezf/APEX-LAB.git
   c744b56..536db9b  home/tomcat/import -> home/tomcat/import
[home/tomcat/import 695b444] Auto-sync: 2026-03-12 15:43:47
 1 file changed, 4 insertions(+)
To github.com:juairyGonzalezf/APEX-LAB.git
   536db9b..695b444  home/tomcat/import -> home/tomcat/import
[home/tomcat/import 76ee8d3] Auto-sync: 2026-03-12 16:00:01
 1 file changed, 4 insertions(+)
To github.com:juairyGonzalezf/APEX-LAB.git
   695b444..76ee8d3  home/tomcat/import -> home/tomcat/import
[home/tomcat/import e2c051f] Auto-sync: 2026-03-12 18:42:21
 1 file changed, 4 insertions(+)
To github.com:juairyGonzalezf/APEX-LAB.git
   76ee8d3..e2c051f  home/tomcat/import -> home/tomcat/import
[home/tomcat/import 266e549] Auto-sync: 2026-03-12 20:00:01
 1 file changed, 4 insertions(+)
To github.com:juairyGonzalezf/APEX-LAB.git
   e2c051f..266e549  home/tomcat/import -> home/tomcat/import
[home/tomcat/import b58f317] Auto-sync: 2026-03-13 08:46:24
 1 file changed, 4 insertions(+)
To github.com:juairyGonzalezf/APEX-LAB.git
   266e549..b58f317  home/tomcat/import -> home/tomcat/import
[home/tomcat/import c1a2192] Auto-sync: 2026-03-13 12:00:01
 1 file changed, 4 insertions(+)
To github.com:juairyGonzalezf/APEX-LAB.git
   b58f317..c1a2192  home/tomcat/import -> home/tomcat/import
[home/tomcat/import 01736b1] Auto-sync: 2026-03-13 16:00:01
 1 file changed, 4 insertions(+)
To github.com:juairyGonzalezf/APEX-LAB.git
   c1a2192..01736b1  home/tomcat/import -> home/tomcat/import
[home/tomcat/import 408fbbb] Auto-sync: 2026-03-13 20:00:01
 1 file changed, 4 insertions(+)
To github.com:juairyGonzalezf/APEX-LAB.git
   01736b1..408fbbb  home/tomcat/import -> home/tomcat/import
[home/tomcat/import 7e315bf] Auto-sync: 2026-03-14 09:02:26
 1 file changed, 4 insertions(+)
To github.com:juairyGonzalezf/APEX-LAB.git
   408fbbb..7e315bf  home/tomcat/import -> home/tomcat/import
[home/tomcat/import ffc6823] Auto-sync: 2026-03-14 12:00:01
 1 file changed, 4 insertions(+)
To github.com:juairyGonzalezf/APEX-LAB.git
   7e315bf..ffc6823  home/tomcat/import -> home/tomcat/import
[home/tomcat/import 3b7b163] Auto-sync: 2026-03-14 16:14:31
 1 file changed, 4 insertions(+)
To github.com:juairyGonzalezf/APEX-LAB.git
   ffc6823..3b7b163  home/tomcat/import -> home/tomcat/import
[home/tomcat/import 4d64e4b] Auto-sync: 2026-03-14 20:00:01
 1 file changed, 4 insertions(+)
To github.com:juairyGonzalezf/APEX-LAB.git
   3b7b163..4d64e4b  home/tomcat/import -> home/tomcat/import
[home/tomcat/import ca2c8de] Auto-sync: 2026-03-15 19:54:36
 1 file changed, 4 insertions(+)
To github.com:juairyGonzalezf/APEX-LAB.git
   4d64e4b..ca2c8de  home/tomcat/import -> home/tomcat/import
[home/tomcat/import 5d7fed4] Auto-sync: 2026-03-15 20:00:01
 1 file changed, 4 insertions(+)
To github.com:juairyGonzalezf/APEX-LAB.git
   ca2c8de..5d7fed4  home/tomcat/import -> home/tomcat/import
[home/tomcat/import fdb0c3b] Auto-sync: 2026-03-16 19:27:46
 1 file changed, 4 insertions(+)
To github.com:juairyGonzalezf/APEX-LAB.git
   5d7fed4..fdb0c3b  home/tomcat/import -> home/tomcat/import
[home/tomcat/import 2c1b7fc] Auto-sync: 2026-03-16 20:00:02
 1 file changed, 4 insertions(+)
To github.com:juairyGonzalezf/APEX-LAB.git
   fdb0c3b..2c1b7fc  home/tomcat/import -> home/tomcat/import
[home/tomcat/import c557a13] Auto-sync: 2026-03-17 18:40:24
 1 file changed, 4 insertions(+)
To github.com:juairyGonzalezf/APEX-LAB.git
   2c1b7fc..c557a13  home/tomcat/import -> home/tomcat/import
[home/tomcat/import 05c5f8a] Auto-sync: 2026-03-17 20:00:01
 1 file changed, 4 insertions(+)
To github.com:juairyGonzalezf/APEX-LAB.git
   c557a13..05c5f8a  home/tomcat/import -> home/tomcat/import
[home/tomcat/import 8c064b9] Auto-sync: 2026-03-25 15:51:44
 1 file changed, 4 insertions(+)
To github.com:juairyGonzalezf/APEX-LAB.git
   05c5f8a..8c064b9  home/tomcat/import -> home/tomcat/import
[home/tomcat/import f41c7b3] Auto-sync: 2026-03-25 16:00:01
 1 file changed, 4 insertions(+)
To github.com:juairyGonzalezf/APEX-LAB.git
   8c064b9..f41c7b3  home/tomcat/import -> home/tomcat/import
[home/tomcat/import 012b876] Auto-sync: 2026-03-25 20:00:01
 1 file changed, 4 insertions(+)
To github.com:juairyGonzalezf/APEX-LAB.git
   f41c7b3..012b876  home/tomcat/import -> home/tomcat/import
[home/tomcat/import 63b652f] Auto-sync: 2026-03-26 15:04:53
 1 file changed, 4 insertions(+)
To github.com:juairyGonzalezf/APEX-LAB.git
   012b876..63b652f  home/tomcat/import -> home/tomcat/import
[home/tomcat/import 7508afc] Auto-sync: 2026-03-26 16:00:01
 1 file changed, 4 insertions(+)
To github.com:juairyGonzalezf/APEX-LAB.git
   63b652f..7508afc  home/tomcat/import -> home/tomcat/import
[home/tomcat/import 8c5299c] Auto-sync: 2026-03-27 10:59:33
 1 file changed, 4 insertions(+)
To github.com:juairyGonzalezf/APEX-LAB.git
   7508afc..8c5299c  home/tomcat/import -> home/tomcat/import
[home/tomcat/import 0305b48] Auto-sync: 2026-03-27 12:00:02
 1 file changed, 4 insertions(+)
To github.com:juairyGonzalezf/APEX-LAB.git
   8c5299c..0305b48  home/tomcat/import -> home/tomcat/import
[home/tomcat/import 423c15d] Auto-sync: 2026-03-27 20:15:34
 1 file changed, 4 insertions(+)
To github.com:juairyGonzalezf/APEX-LAB.git
   0305b48..423c15d  home/tomcat/import -> home/tomcat/import
[home/tomcat/import 13811d8] Auto-sync: 2026-03-28 09:18:50
 1 file changed, 4 insertions(+)
To github.com:juairyGonzalezf/APEX-LAB.git
   423c15d..13811d8  home/tomcat/import -> home/tomcat/import
[home/tomcat/import 70aa33d] Auto-sync: 2026-03-28 12:00:01
 1 file changed, 4 insertions(+)
ssh: Could not resolve hostname github.com: Name or service not known
fatal: Could not read from remote repository.

Please make sure you have the correct access rights
and the repository exists.
[home/tomcat/import 628e427] Auto-sync: 2026-03-28 12:36:23
 1 file changed, 7 insertions(+)
To github.com:juairyGonzalezf/APEX-LAB.git
   13811d8..628e427  home/tomcat/import -> home/tomcat/import
[home/tomcat/import 3caadb7] Auto-sync: 2026-03-28 16:00:01
 1 file changed, 4 insertions(+)
To github.com:juairyGonzalezf/APEX-LAB.git
   628e427..3caadb7  home/tomcat/import -> home/tomcat/import
[home/tomcat/import 409dcdd] Auto-sync: 2026-03-29 21:07:38
 1 file changed, 4 insertions(+)
To github.com:juairyGonzalezf/APEX-LAB.git
   3caadb7..409dcdd  home/tomcat/import -> home/tomcat/import
[home/tomcat/import 8531a94] Auto-sync: 2026-03-29 22:42:01
 1 file changed, 4 insertions(+)
To github.com:juairyGonzalezf/APEX-LAB.git
   409dcdd..8531a94  home/tomcat/import -> home/tomcat/import
[home/tomcat/import 83b6ebb] Auto-sync: 2026-03-30 09:07:03
 1 file changed, 4 insertions(+)
To github.com:juairyGonzalezf/APEX-LAB.git
   8531a94..83b6ebb  home/tomcat/import -> home/tomcat/import
[home/tomcat/import 009424d] Auto-sync: 2026-03-30 12:00:01
 1 file changed, 4 insertions(+)
To github.com:juairyGonzalezf/APEX-LAB.git
   83b6ebb..009424d  home/tomcat/import -> home/tomcat/import
[home/tomcat/import 84909b3] Auto-sync: 2026-03-31 11:14:55
 1 file changed, 4 insertions(+)
To github.com:juairyGonzalezf/APEX-LAB.git
   009424d..84909b3  home/tomcat/import -> home/tomcat/import
[home/tomcat/import 7669062] Auto-sync: 2026-03-31 12:00:02
 1 file changed, 4 insertions(+)
To github.com:juairyGonzalezf/APEX-LAB.git
   84909b3..7669062  home/tomcat/import -> home/tomcat/import
[home/tomcat/import 5ece86f] Auto-sync: 2026-03-31 17:32:44
 1 file changed, 4 insertions(+)
To github.com:juairyGonzalezf/APEX-LAB.git
   7669062..5ece86f  home/tomcat/import -> home/tomcat/import
[home/tomcat/import 03e572d] Auto-sync: 2026-03-31 20:00:02
 1 file changed, 4 insertions(+)
To github.com:juairyGonzalezf/APEX-LAB.git
   5ece86f..03e572d  home/tomcat/import -> home/tomcat/import
[home/tomcat/import e1ed2a0] Auto-sync: 2026-04-01 09:42:32
 1 file changed, 4 insertions(+)
To github.com:juairyGonzalezf/APEX-LAB.git
   03e572d..e1ed2a0  home/tomcat/import -> home/tomcat/import
[home/tomcat/import f0996ba] Auto-sync: 2026-04-01 12:00:02
 1 file changed, 4 insertions(+)
To github.com:juairyGonzalezf/APEX-LAB.git
   e1ed2a0..f0996ba  home/tomcat/import -> home/tomcat/import
[home/tomcat/import 4d8be5a] Auto-sync: 2026-04-01 15:24:49
 1 file changed, 4 insertions(+)
To github.com:juairyGonzalezf/APEX-LAB.git
   f0996ba..4d8be5a  home/tomcat/import -> home/tomcat/import
[home/tomcat/import ec863d2] Auto-sync: 2026-04-01 16:00:01
 1 file changed, 4 insertions(+)
To github.com:juairyGonzalezf/APEX-LAB.git
   4d8be5a..ec863d2  home/tomcat/import -> home/tomcat/import
[home/tomcat/import 0dbec93] Auto-sync: 2026-04-02 07:49:40
 1 file changed, 4 insertions(+)
To github.com:juairyGonzalezf/APEX-LAB.git
   ec863d2..0dbec93  home/tomcat/import -> home/tomcat/import
[home/tomcat/import 7781b0d] Auto-sync: 2026-04-02 08:00:01
 1 file changed, 4 insertions(+)
To github.com:juairyGonzalezf/APEX-LAB.git
   0dbec93..7781b0d  home/tomcat/import -> home/tomcat/import
[home/tomcat/import 32e096c] Auto-sync: 2026-04-02 11:05:57
 1 file changed, 4 insertions(+)
To github.com:juairyGonzalezf/APEX-LAB.git
   7781b0d..32e096c  home/tomcat/import -> home/tomcat/import
[home/tomcat/import d3bb025] Auto-sync: 2026-04-02 12:00:01
 1 file changed, 4 insertions(+)
To github.com:juairyGonzalezf/APEX-LAB.git
   32e096c..d3bb025  home/tomcat/import -> home/tomcat/import
[home/tomcat/import 25e604b] Auto-sync: 2026-04-03 18:07:06
 1 file changed, 4 insertions(+)
To github.com:juairyGonzalezf/APEX-LAB.git
   d3bb025..25e604b  home/tomcat/import -> home/tomcat/import
[home/tomcat/import ea03d61] Auto-sync: 2026-04-03 19:45:12
 1 file changed, 4 insertions(+)
To github.com:juairyGonzalezf/APEX-LAB.git
   25e604b..ea03d61  home/tomcat/import -> home/tomcat/import
[home/tomcat/import 7829eaa] Auto-sync: 2026-04-03 20:00:01
 1 file changed, 4 insertions(+)
To github.com:juairyGonzalezf/APEX-LAB.git
   ea03d61..7829eaa  home/tomcat/import -> home/tomcat/import
[home/tomcat/import c0a2824] Auto-sync: 2026-04-04 09:40:15
 1 file changed, 4 insertions(+)
To github.com:juairyGonzalezf/APEX-LAB.git
   7829eaa..c0a2824  home/tomcat/import -> home/tomcat/import
[home/tomcat/import bc78f87] Auto-sync: 2026-04-04 13:26:30
 1 file changed, 4 insertions(+)
To github.com:juairyGonzalezf/APEX-LAB.git
   c0a2824..bc78f87  home/tomcat/import -> home/tomcat/import
[home/tomcat/import 3dd2aea] Auto-sync: 2026-04-04 16:00:01
 1 file changed, 4 insertions(+)
To github.com:juairyGonzalezf/APEX-LAB.git
   bc78f87..3dd2aea  home/tomcat/import -> home/tomcat/import
[home/tomcat/import 086b803] Auto-sync: 2026-04-05 09:28:27
 5 files changed, 3195 insertions(+), 2 deletions(-)
 create mode 100644 import_execution.log
 create mode 100644 workspaces.lst
To github.com:juairyGonzalezf/APEX-LAB.git
   3dd2aea..086b803  home/tomcat/import -> home/tomcat/import
[home/tomcat/import 4da8bdf] Auto-sync: 2026-04-05 11:24:30
 1 file changed, 6 insertions(+)
To github.com:juairyGonzalezf/APEX-LAB.git
   086b803..4da8bdf  home/tomcat/import -> home/tomcat/import
[home/tomcat/import 4c1b55a] Auto-sync: 2026-04-05 12:00:01
 1 file changed, 4 insertions(+)
To github.com:juairyGonzalezf/APEX-LAB.git
   4da8bdf..4c1b55a  home/tomcat/import -> home/tomcat/import
[home/tomcat/import 52338ef] Auto-sync: 2026-04-05 16:00:01
 1 file changed, 4 insertions(+)
To github.com:juairyGonzalezf/APEX-LAB.git
   4c1b55a..52338ef  home/tomcat/import -> home/tomcat/import
[home/tomcat/import d345c02] Auto-sync: 2026-04-06 11:40:16
 1 file changed, 4 insertions(+)
To github.com:juairyGonzalezf/APEX-LAB.git
   52338ef..d345c02  home/tomcat/import -> home/tomcat/import
[home/tomcat/import c4bc1bb] Auto-sync: 2026-04-06 12:00:01
 1 file changed, 4 insertions(+)
To github.com:juairyGonzalezf/APEX-LAB.git
   d345c02..c4bc1bb  home/tomcat/import -> home/tomcat/import
[home/tomcat/import 786ba3c] Auto-sync: 2026-04-07 13:58:20
 1 file changed, 4 insertions(+)
To github.com:juairyGonzalezf/APEX-LAB.git
   c4bc1bb..786ba3c  home/tomcat/import -> home/tomcat/import
[home/tomcat/import 9ce814e] Auto-sync: 2026-04-07 16:00:01
 1 file changed, 4 insertions(+)
To github.com:juairyGonzalezf/APEX-LAB.git
   786ba3c..9ce814e  home/tomcat/import -> home/tomcat/import
[home/tomcat/import 55cf9b6] Auto-sync: 2026-04-08 12:24:51
 1 file changed, 4 insertions(+)
To github.com:juairyGonzalezf/APEX-LAB.git
   9ce814e..55cf9b6  home/tomcat/import -> home/tomcat/import
[home/tomcat/import 169ee44] Auto-sync: 2026-04-08 16:00:01
 1 file changed, 4 insertions(+)
To github.com:juairyGonzalezf/APEX-LAB.git
   55cf9b6..169ee44  home/tomcat/import -> home/tomcat/import
[home/tomcat/import b3ca291] Auto-sync: 2026-04-09 18:21:35
 1 file changed, 4 insertions(+)
To github.com:juairyGonzalezf/APEX-LAB.git
   169ee44..b3ca291  home/tomcat/import -> home/tomcat/import
[home/tomcat/import 564dbb7] Auto-sync: 2026-04-13 10:37:02
 1 file changed, 4 insertions(+)
To github.com:juairyGonzalezf/APEX-LAB.git
   b3ca291..564dbb7  home/tomcat/import -> home/tomcat/import
[home/tomcat/import 8b17a27] Auto-sync: 2026-04-13 12:00:01
 1 file changed, 4 insertions(+)
To github.com:juairyGonzalezf/APEX-LAB.git
   564dbb7..8b17a27  home/tomcat/import -> home/tomcat/import
[home/tomcat/import f0c127d] Auto-sync: 2026-04-14 14:21:45
 1 file changed, 4 insertions(+)
To github.com:juairyGonzalezf/APEX-LAB.git
   8b17a27..f0c127d  home/tomcat/import -> home/tomcat/import
[home/tomcat/import 474af00] Auto-sync: 2026-04-14 16:00:01
 1 file changed, 4 insertions(+)
To github.com:juairyGonzalezf/APEX-LAB.git
   f0c127d..474af00  home/tomcat/import -> home/tomcat/import
[home/tomcat/import b2cf54f] Auto-sync: 2026-04-14 20:00:02
 1 file changed, 4 insertions(+)
To github.com:juairyGonzalezf/APEX-LAB.git
   474af00..b2cf54f  home/tomcat/import -> home/tomcat/import
[home/tomcat/import 42a127f] Auto-sync: 2026-04-15 13:04:10
 1 file changed, 4 insertions(+)
To github.com:juairyGonzalezf/APEX-LAB.git
   b2cf54f..42a127f  home/tomcat/import -> home/tomcat/import
[home/tomcat/import aee1f95] Auto-sync: 2026-04-15 16:00:01
 1 file changed, 4 insertions(+)
To github.com:juairyGonzalezf/APEX-LAB.git
   42a127f..aee1f95  home/tomcat/import -> home/tomcat/import
[home/tomcat/import cb6cfbb] Auto-sync: 2026-04-16 11:58:38
 1 file changed, 4 insertions(+)
To github.com:juairyGonzalezf/APEX-LAB.git
   aee1f95..cb6cfbb  home/tomcat/import -> home/tomcat/import
[home/tomcat/import 6d48039] Auto-sync: 2026-04-16 12:00:02
 1 file changed, 4 insertions(+)
To github.com:juairyGonzalezf/APEX-LAB.git
   cb6cfbb..6d48039  home/tomcat/import -> home/tomcat/import
[home/tomcat/import 77fc3c3] Auto-sync: 2026-04-16 16:00:01
 1 file changed, 4 insertions(+)
To github.com:juairyGonzalezf/APEX-LAB.git
   6d48039..77fc3c3  home/tomcat/import -> home/tomcat/import
[home/tomcat/import 56e3451] Auto-sync: 2026-04-17 10:52:35
 1 file changed, 4 insertions(+)
To github.com:juairyGonzalezf/APEX-LAB.git
   77fc3c3..56e3451  home/tomcat/import -> home/tomcat/import
[home/tomcat/import 3c584ed] Auto-sync: 2026-04-17 12:00:02
 1 file changed, 4 insertions(+)
To github.com:juairyGonzalezf/APEX-LAB.git
   56e3451..3c584ed  home/tomcat/import -> home/tomcat/import
[home/tomcat/import e48bad2] Auto-sync: 2026-04-23 08:23:57
 1 file changed, 4 insertions(+)
To github.com:juairyGonzalezf/APEX-LAB.git
   3c584ed..e48bad2  home/tomcat/import -> home/tomcat/import
[home/tomcat/import 1097171] Auto-sync: 2026-04-23 12:00:01
 4 files changed, 14 insertions(+), 88 deletions(-)
To github.com:juairyGonzalezf/APEX-LAB.git
   e48bad2..1097171  home/tomcat/import -> home/tomcat/import
[home/tomcat/import 7d4bbb0] Auto-sync: 2026-04-24 20:03:22
 1 file changed, 4 insertions(+)
To github.com:juairyGonzalezf/APEX-LAB.git
   1097171..7d4bbb0  home/tomcat/import -> home/tomcat/import
[home/tomcat/import 69d20fa] Auto-sync: 2026-04-25 11:14:52
 1 file changed, 4 insertions(+)
To github.com:juairyGonzalezf/APEX-LAB.git
   7d4bbb0..69d20fa  home/tomcat/import -> home/tomcat/import
[home/tomcat/import 8a916fe] Auto-sync: 2026-04-25 12:00:01
 1 file changed, 4 insertions(+)
To github.com:juairyGonzalezf/APEX-LAB.git
   69d20fa..8a916fe  home/tomcat/import -> home/tomcat/import
[home/tomcat/import 35591c8] Auto-sync: 2026-04-25 16:31:52
 1 file changed, 4 insertions(+)
To github.com:juairyGonzalezf/APEX-LAB.git
   8a916fe..35591c8  home/tomcat/import -> home/tomcat/import
[home/tomcat/import d51d705] Auto-sync: 2026-04-25 16:59:04
 1 file changed, 4 insertions(+)
To github.com:juairyGonzalezf/APEX-LAB.git
   35591c8..d51d705  home/tomcat/import -> home/tomcat/import
[home/tomcat/import aac6a7a] Auto-sync: 2026-04-25 18:23:37
 1 file changed, 4 insertions(+)
To github.com:juairyGonzalezf/APEX-LAB.git
   d51d705..aac6a7a  home/tomcat/import -> home/tomcat/import
[home/tomcat/import a9c331a] Auto-sync: 2026-04-25 20:00:01
 1 file changed, 4 insertions(+)
To github.com:juairyGonzalezf/APEX-LAB.git
   aac6a7a..a9c331a  home/tomcat/import -> home/tomcat/import
[home/tomcat/import aae7afe] Auto-sync: 2026-04-26 15:17:35
 1 file changed, 4 insertions(+)
To github.com:juairyGonzalezf/APEX-LAB.git
   a9c331a..aae7afe  home/tomcat/import -> home/tomcat/import
[home/tomcat/import 5d23b9f] Auto-sync: 2026-04-26 16:00:01
 1 file changed, 4 insertions(+)
To github.com:juairyGonzalezf/APEX-LAB.git
   aae7afe..5d23b9f  home/tomcat/import -> home/tomcat/import
[home/tomcat/import 208dcd5] Auto-sync: 2026-04-26 20:00:02
 1 file changed, 4 insertions(+)
To github.com:juairyGonzalezf/APEX-LAB.git
   5d23b9f..208dcd5  home/tomcat/import -> home/tomcat/import
[home/tomcat/import 5c9f3a3] Auto-sync: 2026-04-26 21:57:54
 1 file changed, 4 insertions(+)
To github.com:juairyGonzalezf/APEX-LAB.git
   208dcd5..5c9f3a3  home/tomcat/import -> home/tomcat/import
[home/tomcat/import 189aab0] Auto-sync: 2026-04-27 08:20:34
 1 file changed, 4 insertions(+)
To github.com:juairyGonzalezf/APEX-LAB.git
   5c9f3a3..189aab0  home/tomcat/import -> home/tomcat/import
[home/tomcat/import 253fb91] Auto-sync: 2026-04-27 12:00:01
 1 file changed, 4 insertions(+)
To github.com:juairyGonzalezf/APEX-LAB.git
   189aab0..253fb91  home/tomcat/import -> home/tomcat/import
[home/tomcat/import d3d2e0b] Auto-sync: 2026-04-27 19:33:13
 1 file changed, 4 insertions(+)
To github.com:juairyGonzalezf/APEX-LAB.git
   253fb91..d3d2e0b  home/tomcat/import -> home/tomcat/import
[home/tomcat/import 85b3cce] Auto-sync: 2026-04-27 20:00:01
 1 file changed, 4 insertions(+)
To github.com:juairyGonzalezf/APEX-LAB.git
   d3d2e0b..85b3cce  home/tomcat/import -> home/tomcat/import
[home/tomcat/import 6f3aee8] Auto-sync: 2026-04-28 20:26:38
 1 file changed, 4 insertions(+)
To github.com:juairyGonzalezf/APEX-LAB.git
   85b3cce..6f3aee8  home/tomcat/import -> home/tomcat/import
[home/tomcat/import de5c449] Auto-sync: 2026-04-29 06:53:51
 1 file changed, 4 insertions(+)
To github.com:juairyGonzalezf/APEX-LAB.git
   6f3aee8..de5c449  home/tomcat/import -> home/tomcat/import
[home/tomcat/import c5b69c6] Auto-sync: 2026-04-29 08:00:01
 1 file changed, 4 insertions(+)
To github.com:juairyGonzalezf/APEX-LAB.git
   de5c449..c5b69c6  home/tomcat/import -> home/tomcat/import
[home/tomcat/import 034e3b3] Auto-sync: 2026-04-29 11:47:26
 1 file changed, 4 insertions(+)
To github.com:juairyGonzalezf/APEX-LAB.git
   c5b69c6..034e3b3  home/tomcat/import -> home/tomcat/import
[home/tomcat/import 10a72c0] Auto-sync: 2026-04-29 12:00:01
 1 file changed, 4 insertions(+)
To github.com:juairyGonzalezf/APEX-LAB.git
   034e3b3..10a72c0  home/tomcat/import -> home/tomcat/import
[home/tomcat/import 81ab34e] Auto-sync: 2026-04-29 19:57:09
 1 file changed, 4 insertions(+)
To github.com:juairyGonzalezf/APEX-LAB.git
   10a72c0..81ab34e  home/tomcat/import -> home/tomcat/import
[home/tomcat/import 6ed4ad6] Auto-sync: 2026-04-29 20:00:01
 1 file changed, 4 insertions(+)
To github.com:juairyGonzalezf/APEX-LAB.git
   81ab34e..6ed4ad6  home/tomcat/import -> home/tomcat/import
[home/tomcat/import 958991e] Auto-sync: 2026-04-30 06:42:38
 1 file changed, 4 insertions(+)
To github.com:juairyGonzalezf/APEX-LAB.git
   6ed4ad6..958991e  home/tomcat/import -> home/tomcat/import
[home/tomcat/import 1b91897] Auto-sync: 2026-04-30 08:00:02
 1 file changed, 4 insertions(+)
To github.com:juairyGonzalezf/APEX-LAB.git
   958991e..1b91897  home/tomcat/import -> home/tomcat/import
[home/tomcat/import 4f38645] Auto-sync: 2026-04-30 12:00:01
 1 file changed, 4 insertions(+)
To github.com:juairyGonzalezf/APEX-LAB.git
   1b91897..4f38645  home/tomcat/import -> home/tomcat/import
[home/tomcat/import 1ced1e7] Auto-sync: 2026-04-30 18:35:04
 4 files changed, 33 insertions(+), 3112 deletions(-)
To github.com:juairyGonzalezf/APEX-LAB.git
   4f38645..1ced1e7  home/tomcat/import -> home/tomcat/import
[home/tomcat/import e06ac1f] Auto-sync: 2026-04-30 20:00:01
 1 file changed, 4 insertions(+)
To github.com:juairyGonzalezf/APEX-LAB.git
   1ced1e7..e06ac1f  home/tomcat/import -> home/tomcat/import
[home/tomcat/import 2409e6e] Auto-sync: 2026-05-02 13:42:46
 1 file changed, 4 insertions(+)
To github.com:juairyGonzalezf/APEX-LAB.git
   e06ac1f..2409e6e  home/tomcat/import -> home/tomcat/import
[home/tomcat/import 69c0528] Auto-sync: 2026-05-02 19:51:44
 1 file changed, 4 insertions(+)
To github.com:juairyGonzalezf/APEX-LAB.git
   2409e6e..69c0528  home/tomcat/import -> home/tomcat/import
[home/tomcat/import b28e231] Auto-sync: 2026-05-02 20:00:01
 1 file changed, 4 insertions(+)
To github.com:juairyGonzalezf/APEX-LAB.git
   69c0528..b28e231  home/tomcat/import -> home/tomcat/import
[home/tomcat/import 1ff83f4] Auto-sync: 2026-05-07 09:27:26
 1 file changed, 4 insertions(+)
To github.com:juairyGonzalezf/APEX-LAB.git
   b28e231..1ff83f4  home/tomcat/import -> home/tomcat/import
[home/tomcat/import 682f21d] Auto-sync: 2026-05-07 12:00:02
 1 file changed, 4 insertions(+)
To github.com:juairyGonzalezf/APEX-LAB.git
   1ff83f4..682f21d  home/tomcat/import -> home/tomcat/import
[home/tomcat/import d092f27] Auto-sync: 2026-05-08 07:23:53
 1 file changed, 4 insertions(+)
To github.com:juairyGonzalezf/APEX-LAB.git
   682f21d..d092f27  home/tomcat/import -> home/tomcat/import
[home/tomcat/import ead3938] Auto-sync: 2026-05-08 08:00:02
 1 file changed, 4 insertions(+)
To github.com:juairyGonzalezf/APEX-LAB.git
   d092f27..ead3938  home/tomcat/import -> home/tomcat/import
[home/tomcat/import 2c621a0] Auto-sync: 2026-05-08 12:00:02
 4 files changed, 3159 insertions(+), 20 deletions(-)
To github.com:juairyGonzalezf/APEX-LAB.git
   ead3938..2c621a0  home/tomcat/import -> home/tomcat/import
[home/tomcat/import 88c9cc1] Auto-sync: 2026-05-08 19:34:22
 1 file changed, 4 insertions(+)
To github.com:juairyGonzalezf/APEX-LAB.git
   2c621a0..88c9cc1  home/tomcat/import -> home/tomcat/import
[home/tomcat/import 0ceb1bc] Auto-sync: 2026-05-08 20:00:02
 1 file changed, 4 insertions(+)
To github.com:juairyGonzalezf/APEX-LAB.git
   88c9cc1..0ceb1bc  home/tomcat/import -> home/tomcat/import
[home/tomcat/import b2ebd52] Auto-sync: 2026-05-09 08:32:10
 1 file changed, 4 insertions(+)
To github.com:juairyGonzalezf/APEX-LAB.git
   0ceb1bc..b2ebd52  home/tomcat/import -> home/tomcat/import
[home/tomcat/import 9466124] Auto-sync: 2026-05-09 12:00:02
 1 file changed, 4 insertions(+)
To github.com:juairyGonzalezf/APEX-LAB.git
   b2ebd52..9466124  home/tomcat/import -> home/tomcat/import
[home/tomcat/import 75412f4] Auto-sync: 2026-05-09 16:00:01
 1 file changed, 4 insertions(+)
To github.com:juairyGonzalezf/APEX-LAB.git
   9466124..75412f4  home/tomcat/import -> home/tomcat/import
[home/tomcat/import 3525dfc] Auto-sync: 2026-05-10 08:09:16
 1 file changed, 4 insertions(+)
To github.com:juairyGonzalezf/APEX-LAB.git
   75412f4..3525dfc  home/tomcat/import -> home/tomcat/import
[home/tomcat/import 2b72dcf] Auto-sync: 2026-05-10 12:00:01
 1 file changed, 4 insertions(+)
To github.com:juairyGonzalezf/APEX-LAB.git
   3525dfc..2b72dcf  home/tomcat/import -> home/tomcat/import
[home/tomcat/import 3ef49a8] Auto-sync: 2026-05-11 07:39:53
 1 file changed, 4 insertions(+)
To github.com:juairyGonzalezf/APEX-LAB.git
   2b72dcf..3ef49a8  home/tomcat/import -> home/tomcat/import
[home/tomcat/import bd0ab4f] Auto-sync: 2026-05-11 08:00:01
 1 file changed, 4 insertions(+)
To github.com:juairyGonzalezf/APEX-LAB.git
   3ef49a8..bd0ab4f  home/tomcat/import -> home/tomcat/import
[home/tomcat/import f1eaa99] Auto-sync: 2026-05-11 12:00:01
 1 file changed, 4 insertions(+)
To github.com:juairyGonzalezf/APEX-LAB.git
   bd0ab4f..f1eaa99  home/tomcat/import -> home/tomcat/import
[home/tomcat/import b18ec1d] Auto-sync: 2026-05-11 19:36:52
 1 file changed, 4 insertions(+)
To github.com:juairyGonzalezf/APEX-LAB.git
   f1eaa99..b18ec1d  home/tomcat/import -> home/tomcat/import
[home/tomcat/import 3ef4b33] Auto-sync: 2026-05-11 20:00:01
 1 file changed, 4 insertions(+)
To github.com:juairyGonzalezf/APEX-LAB.git
   b18ec1d..3ef4b33  home/tomcat/import -> home/tomcat/import
[home/tomcat/import 2120e6d] Auto-sync: 2026-05-12 07:28:06
 1 file changed, 4 insertions(+)
To github.com:juairyGonzalezf/APEX-LAB.git
   3ef4b33..2120e6d  home/tomcat/import -> home/tomcat/import
[home/tomcat/import 487cc09] Auto-sync: 2026-05-12 08:00:01
 1 file changed, 4 insertions(+)
To github.com:juairyGonzalezf/APEX-LAB.git
   2120e6d..487cc09  home/tomcat/import -> home/tomcat/import
[home/tomcat/import 5b7d6cc] Auto-sync: 2026-05-12 12:00:01
 1 file changed, 4 insertions(+)
To github.com:juairyGonzalezf/APEX-LAB.git
   487cc09..5b7d6cc  home/tomcat/import -> home/tomcat/import
[home/tomcat/import 6454ed1] Auto-sync: 2026-05-12 16:00:02
 1 file changed, 4 insertions(+)
To github.com:juairyGonzalezf/APEX-LAB.git
   5b7d6cc..6454ed1  home/tomcat/import -> home/tomcat/import
[home/tomcat/import c652b19] Auto-sync: 2026-05-13 07:28:25
 1 file changed, 4 insertions(+)
To github.com:juairyGonzalezf/APEX-LAB.git
   6454ed1..c652b19  home/tomcat/import -> home/tomcat/import
[home/tomcat/import c2ee367] Auto-sync: 2026-05-13 08:00:01
 1 file changed, 4 insertions(+)
To github.com:juairyGonzalezf/APEX-LAB.git
   c652b19..c2ee367  home/tomcat/import -> home/tomcat/import
[home/tomcat/import d1541a7] Auto-sync: 2026-05-13 12:00:01
 1 file changed, 4 insertions(+)
To github.com:juairyGonzalezf/APEX-LAB.git
   c2ee367..d1541a7  home/tomcat/import -> home/tomcat/import
[home/tomcat/import f15d207] Auto-sync: 2026-05-13 16:00:01
 1 file changed, 4 insertions(+)
To github.com:juairyGonzalezf/APEX-LAB.git
   d1541a7..f15d207  home/tomcat/import -> home/tomcat/import
[home/tomcat/import 00569d5] Auto-sync: 2026-05-13 21:35:22
 1 file changed, 4 insertions(+)
To github.com:juairyGonzalezf/APEX-LAB.git
   f15d207..00569d5  home/tomcat/import -> home/tomcat/import
[home/tomcat/import 4127b07] Auto-sync: 2026-05-14 07:29:51
 1 file changed, 4 insertions(+)
To github.com:juairyGonzalezf/APEX-LAB.git
   00569d5..4127b07  home/tomcat/import -> home/tomcat/import
