--- Creando Workspace TEST
--application/set_environment
WORKSPACE 5401601323772619
Creating workspace TEST...
Creating Groups...
Creating group grants...
Creating Users...
Importing Blueprint DEMO...
Importing Blueprint EMPLOYES...
begin
*
ERROR at line 1:
ORA-20001: call=wwv_imp_workspace.create_mail_queue, id=21418598575705462, component=[NULL], sqlerrm=ORA-00001: unique constraint (APEX_240200.WWV_FLOW_MAIL_QUEUE_PK) violated on table APEX_240200.WWV_FLOW_MAIL_QUEUE columns (ID)
ORA-06512: at "APEX_240200.WWV_IMP_UTIL", line 142
ORA-06512: at "APEX_240200.WWV_IMP_WORKSPACE", line 71
ORA-06512: at "APEX_240200.WWV_IMP_WORKSPACE", line 2969
ORA-00001: unique constraint (APEX_240200.WWV_FLOW_MAIL_QUEUE_PK) violated on table APEX_240200.WWV_FLOW_MAIL_QUEUE columns (ID)
ORA-03301: (ORA-00001 details) row with column values (ID:21418598575705462) already exists
ORA-06512: at "APEX_240200.WWV_IMP_WORKSPACE", line 2936
ORA-06512: at line 2

https://docs.oracle.com/error-help/db/ora-20001/

